^C^CTerminate batch job (Y/N)? 